user@user-VirtualBox:~/Desktop/Logs$ vagrant up
Bringing machine 'web' up with 'virtualbox' provider...
Bringing machine 'log' up with 'virtualbox' provider...
==> web: Box 'bento/ubuntu-22.04' could not be found. Attempting to find and install...
    web: Box Provider: virtualbox
    web: Box Version: >= 0
==> web: Loading metadata for box 'bento/ubuntu-22.04'
    web: URL: https://vagrantcloud.com/api/v2/vagrant/bento/ubuntu-22.04
==> web: Adding box 'bento/ubuntu-22.04' (v202407.23.0) for provider: virtualbox (amd64)
    web: Downloading: https://vagrantcloud.com/bento/boxes/ubuntu-22.04/versions/202407.23.0/providers/virtualbox/amd64/vagrant.box
Download redirected to host: api.cloud.hashicorp.com
==> web: Successfully added box 'bento/ubuntu-22.04' (v202407.23.0) for 'virtualbox (amd64)'!
==> web: Importing base box 'bento/ubuntu-22.04'...
==> web: Matching MAC address for NAT networking...
==> web: Checking if box 'bento/ubuntu-22.04' version '202407.23.0' is up to date...
==> web: Setting the name of the VM: Logs_web_1729711709648_75873
==> web: Clearing any previously set network interfaces...
==> web: Preparing network interfaces based on configuration...
    web: Adapter 1: nat
    web: Adapter 2: hostonly
==> web: Forwarding ports...
    web: 22 (guest) => 2222 (host) (adapter 1)
==> web: Running 'pre-boot' VM customizations...
==> web: Booting VM...
==> web: Waiting for machine to boot. This may take a few minutes...
    web: SSH address: 127.0.0.1:2222
    web: SSH username: vagrant
    web: SSH auth method: private key
    web: Warning: Connection reset. Retrying...
    web: 
    web: Vagrant insecure key detected. Vagrant will automatically replace
    web: this with a newly generated keypair for better security.
    web: 
    web: Inserting generated public key within guest...
    web: Removing insecure key from the guest if it's present...
    web: Key inserted! Disconnecting and reconnecting using new SSH key...
==> web: Machine booted and ready!
==> web: Checking for guest additions in VM...
    web: The guest additions on this VM do not match the installed version of
    web: VirtualBox! In most cases this is fine, but in rare cases it can
    web: prevent things such as shared folders from working properly. If you see
    web: shared folder errors, please make sure the guest additions within the
    web: virtual machine match the version of VirtualBox you have installed on
    web: your host and reload your VM.
    web: 
    web: Guest Additions Version: 7.0.18
    web: VirtualBox Version: 6.1
==> web: Setting hostname...
==> web: Configuring and enabling network interfaces...
==> web: Mounting shared folders...
    web: /vagrant => /home/user/Desktop/Logs
==> log: Box 'bento/ubuntu-22.04' could not be found. Attempting to find and install...
    log: Box Provider: virtualbox
    log: Box Version: >= 0
==> log: Loading metadata for box 'bento/ubuntu-22.04'
    log: URL: https://vagrantcloud.com/api/v2/vagrant/bento/ubuntu-22.04
==> log: Adding box 'bento/ubuntu-22.04' (v202407.23.0) for provider: virtualbox (amd64)
==> log: Importing base box 'bento/ubuntu-22.04'...
==> log: Matching MAC address for NAT networking...
==> log: Checking if box 'bento/ubuntu-22.04' version '202407.23.0' is up to date...
==> log: Setting the name of the VM: Logs_log_1729711819315_15626
==> log: Fixed port collision for 22 => 2222. Now on port 2200.
==> log: Clearing any previously set network interfaces...
==> log: Preparing network interfaces based on configuration...
    log: Adapter 1: nat
    log: Adapter 2: hostonly
==> log: Forwarding ports...
    log: 22 (guest) => 2200 (host) (adapter 1)
==> log: Running 'pre-boot' VM customizations...
==> log: Booting VM...
==> log: Waiting for machine to boot. This may take a few minutes...
    log: SSH address: 127.0.0.1:2200
    log: SSH username: vagrant
    log: SSH auth method: private key
    log: Warning: Connection reset. Retrying...
    log: 
    log: Vagrant insecure key detected. Vagrant will automatically replace
    log: this with a newly generated keypair for better security.
    log: 
    log: Inserting generated public key within guest...
    log: Removing insecure key from the guest if it's present...
    log: Key inserted! Disconnecting and reconnecting using new SSH key...
==> log: Machine booted and ready!
==> log: Checking for guest additions in VM...
    log: The guest additions on this VM do not match the installed version of
    log: VirtualBox! In most cases this is fine, but in rare cases it can
    log: prevent things such as shared folders from working properly. If you see
    log: shared folder errors, please make sure the guest additions within the
    log: virtual machine match the version of VirtualBox you have installed on
    log: your host and reload your VM.
    log: 
    log: Guest Additions Version: 7.0.18
    log: VirtualBox Version: 6.1
==> log: Setting hostname...
==> log: Configuring and enabling network interfaces...
==> log: Mounting shared folders...
    log: /vagrant => /home/user/Desktop/Logs
user@user-VirtualBox:~/Desktop/Logs$ vagrant ssh web
Welcome to Ubuntu 22.04.4 LTS (GNU/Linux 5.15.0-116-generic x86_64)

 * Documentation:  https://help.ubuntu.com
 * Management:     https://landscape.canonical.com
 * Support:        https://ubuntu.com/pro

 System information as of Wed Oct 23 07:32:24 PM UTC 2024

  System load:  0.29               Processes:             155
  Usage of /:   12.1% of 30.34GB   Users logged in:       0
  Memory usage: 14%                IPv4 address for eth0: 10.0.2.15
  Swap usage:   0%


This system is built by the Bento project by Chef Software
More information can be found at https://github.com/chef/bento

Use of this system is acceptance of the OS vendor EULA and License Agreements.
vagrant@web:~$ sudo -i
root@web:~# timedatectl 
               Local time: Wed 2024-10-23 19:32:43 UTC
           Universal time: Wed 2024-10-23 19:32:43 UTC
                 RTC time: Wed 2024-10-23 19:32:43
                Time zone: Etc/UTC (UTC, +0000)
System clock synchronized: no
              NTP service: inactive
          RTC in local TZ: no
root@web:~# date
Wed Oct 23 19:33:37 UTC 2024
root@web:~# apt update && apt install -y nginx
Get:1 http://security.ubuntu.com/ubuntu jammy-security InRelease [129 kB]
Hit:2 http://us.archive.ubuntu.com/ubuntu jammy InRelease                      
Get:3 http://us.archive.ubuntu.com/ubuntu jammy-updates InRelease [128 kB]
Get:4 http://security.ubuntu.com/ubuntu jammy-security/main amd64 Packages [1895 kB]
Get:5 http://us.archive.ubuntu.com/ubuntu jammy-backports InRelease [127 kB]
Get:6 http://security.ubuntu.com/ubuntu jammy-security/main Translation-en [305 kB]
Get:7 http://security.ubuntu.com/ubuntu jammy-security/restricted amd64 Packages [2517 kB]
Get:8 http://security.ubuntu.com/ubuntu jammy-security/restricted Translation-en [435 kB]
Get:9 http://security.ubuntu.com/ubuntu jammy-security/universe amd64 Packages [911 kB]
Get:10 http://security.ubuntu.com/ubuntu jammy-security/universe Translation-en [180 kB]
Get:11 http://security.ubuntu.com/ubuntu jammy-security/multiverse amd64 Packages [37.2 kB]
Get:12 http://us.archive.ubuntu.com/ubuntu jammy-updates/main amd64 Packages [2112 kB]
Get:13 http://us.archive.ubuntu.com/ubuntu jammy-updates/main Translation-en [363 kB]
Get:14 http://us.archive.ubuntu.com/ubuntu jammy-updates/restricted amd64 Packages [2577 kB]
Get:15 http://us.archive.ubuntu.com/ubuntu jammy-updates/restricted Translation-en [445 kB]
Get:16 http://us.archive.ubuntu.com/ubuntu jammy-updates/universe amd64 Packages [1133 kB]
Get:17 http://us.archive.ubuntu.com/ubuntu jammy-updates/universe Translation-en [265 kB]
Get:18 http://us.archive.ubuntu.com/ubuntu jammy-updates/multiverse amd64 Packages [43.3 kB]
Get:19 http://us.archive.ubuntu.com/ubuntu jammy-backports/main amd64 Packages [67.7 kB]
Get:20 http://us.archive.ubuntu.com/ubuntu jammy-backports/main Translation-en [11.1 kB]
Get:21 http://us.archive.ubuntu.com/ubuntu jammy-backports/universe amd64 Packages [28.8 kB]
Get:22 http://us.archive.ubuntu.com/ubuntu jammy-backports/universe Translation-en [16.5 kB]
Fetched 13.7 MB in 9s (1472 kB/s)                                              
Reading package lists... Done
Building dependency tree... Done
Reading state information... Done
64 packages can be upgraded. Run 'apt list --upgradable' to see them.
Reading package lists... Done
Building dependency tree... Done
Reading state information... Done
The following additional packages will be installed:
  fontconfig-config fonts-dejavu-core libdeflate0 libfontconfig1 libgd3
  libjbig0 libjpeg-turbo8 libjpeg8 libnginx-mod-http-geoip2
  libnginx-mod-http-image-filter libnginx-mod-http-xslt-filter
  libnginx-mod-mail libnginx-mod-stream libnginx-mod-stream-geoip2 libtiff5
  libwebp7 libx11-6 libx11-data libxau6 libxcb1 libxdmcp6 libxpm4 nginx-common
  nginx-core
Suggested packages:
  libgd-tools fcgiwrap nginx-doc ssl-cert
The following NEW packages will be installed:
  fontconfig-config fonts-dejavu-core libdeflate0 libfontconfig1 libgd3
  libjbig0 libjpeg-turbo8 libjpeg8 libnginx-mod-http-geoip2
  libnginx-mod-http-image-filter libnginx-mod-http-xslt-filter
  libnginx-mod-mail libnginx-mod-stream libnginx-mod-stream-geoip2 libtiff5
  libwebp7 libx11-6 libx11-data libxau6 libxcb1 libxdmcp6 libxpm4 nginx
  nginx-common nginx-core
0 upgraded, 25 newly installed, 0 to remove and 64 not upgraded.
Need to get 3547 kB of archives.
After this operation, 11.5 MB of additional disk space will be used.
Get:1 http://us.archive.ubuntu.com/ubuntu jammy/main amd64 libxau6 amd64 1:1.0.9-1build5 [7634 B]
Get:2 http://us.archive.ubuntu.com/ubuntu jammy/main amd64 libxdmcp6 amd64 1:1.1.3-0ubuntu5 [10.9 kB]
Get:3 http://us.archive.ubuntu.com/ubuntu jammy/main amd64 libxcb1 amd64 1.14-3ubuntu3 [49.0 kB]
Get:4 http://us.archive.ubuntu.com/ubuntu jammy-updates/main amd64 libx11-data all 2:1.7.5-1ubuntu0.3 [120 kB]
Get:5 http://us.archive.ubuntu.com/ubuntu jammy-updates/main amd64 libx11-6 amd64 2:1.7.5-1ubuntu0.3 [667 kB]
Get:6 http://us.archive.ubuntu.com/ubuntu jammy/main amd64 fonts-dejavu-core all 2.37-2build1 [1041 kB]
Get:7 http://us.archive.ubuntu.com/ubuntu jammy/main amd64 fontconfig-config all 2.13.1-4.2ubuntu5 [29.1 kB]
Get:8 http://us.archive.ubuntu.com/ubuntu jammy/main amd64 libdeflate0 amd64 1.10-2 [70.9 kB]
Get:9 http://us.archive.ubuntu.com/ubuntu jammy/main amd64 libfontconfig1 amd64 2.13.1-4.2ubuntu5 [131 kB]
Get:10 http://us.archive.ubuntu.com/ubuntu jammy/main amd64 libjpeg-turbo8 amd64 2.1.2-0ubuntu1 [134 kB]
Get:11 http://us.archive.ubuntu.com/ubuntu jammy/main amd64 libjpeg8 amd64 8c-2ubuntu10 [2264 B]
Get:12 http://us.archive.ubuntu.com/ubuntu jammy-updates/main amd64 libjbig0 amd64 2.1-3.1ubuntu0.22.04.1 [29.2 kB]
Get:13 http://us.archive.ubuntu.com/ubuntu jammy-updates/main amd64 libwebp7 amd64 1.2.2-2ubuntu0.22.04.2 [206 kB]
Get:14 http://us.archive.ubuntu.com/ubuntu jammy-updates/main amd64 libtiff5 amd64 4.3.0-6ubuntu0.10 [185 kB]
Get:15 http://us.archive.ubuntu.com/ubuntu jammy-updates/main amd64 libxpm4 amd64 1:3.5.12-1ubuntu0.22.04.2 [36.7 kB]
Get:16 http://us.archive.ubuntu.com/ubuntu jammy/main amd64 libgd3 amd64 2.3.0-2ubuntu2 [129 kB]
Get:17 http://us.archive.ubuntu.com/ubuntu jammy-updates/main amd64 nginx-common all 1.18.0-6ubuntu14.5 [40.1 kB]
Get:18 http://us.archive.ubuntu.com/ubuntu jammy-updates/main amd64 libnginx-mod-http-geoip2 amd64 1.18.0-6ubuntu14.5 [12.0 kB]
Get:19 http://us.archive.ubuntu.com/ubuntu jammy-updates/main amd64 libnginx-mod-http-image-filter amd64 1.18.0-6ubuntu14.5 [15.5 kB]
Get:20 http://us.archive.ubuntu.com/ubuntu jammy-updates/main amd64 libnginx-mod-http-xslt-filter amd64 1.18.0-6ubuntu14.5 [13.8 kB]
Get:21 http://us.archive.ubuntu.com/ubuntu jammy-updates/main amd64 libnginx-mod-mail amd64 1.18.0-6ubuntu14.5 [45.8 kB]
Get:22 http://us.archive.ubuntu.com/ubuntu jammy-updates/main amd64 libnginx-mod-stream amd64 1.18.0-6ubuntu14.5 [72.8 kB]
Get:23 http://us.archive.ubuntu.com/ubuntu jammy-updates/main amd64 libnginx-mod-stream-geoip2 amd64 1.18.0-6ubuntu14.5 [10.1 kB]
Get:24 http://us.archive.ubuntu.com/ubuntu jammy-updates/main amd64 nginx-core amd64 1.18.0-6ubuntu14.5 [483 kB]
Get:25 http://us.archive.ubuntu.com/ubuntu jammy-updates/main amd64 nginx amd64 1.18.0-6ubuntu14.5 [3882 B]
Fetched 3547 kB in 4s (883 kB/s)
Preconfiguring packages ...
Selecting previously unselected package libxau6:amd64.
(Reading database ... 44902 files and directories currently installed.)
Preparing to unpack .../00-libxau6_1%3a1.0.9-1build5_amd64.deb ...
Unpacking libxau6:amd64 (1:1.0.9-1build5) ...
Selecting previously unselected package libxdmcp6:amd64.
Preparing to unpack .../01-libxdmcp6_1%3a1.1.3-0ubuntu5_amd64.deb ...
Unpacking libxdmcp6:amd64 (1:1.1.3-0ubuntu5) ...
Selecting previously unselected package libxcb1:amd64.
Preparing to unpack .../02-libxcb1_1.14-3ubuntu3_amd64.deb ...
Unpacking libxcb1:amd64 (1.14-3ubuntu3) ...
Selecting previously unselected package libx11-data.
Preparing to unpack .../03-libx11-data_2%3a1.7.5-1ubuntu0.3_all.deb ...
Unpacking libx11-data (2:1.7.5-1ubuntu0.3) ...
Selecting previously unselected package libx11-6:amd64.
Preparing to unpack .../04-libx11-6_2%3a1.7.5-1ubuntu0.3_amd64.deb ...
Unpacking libx11-6:amd64 (2:1.7.5-1ubuntu0.3) ...
Selecting previously unselected package fonts-dejavu-core.
Preparing to unpack .../05-fonts-dejavu-core_2.37-2build1_all.deb ...
Unpacking fonts-dejavu-core (2.37-2build1) ...
Selecting previously unselected package fontconfig-config.
Preparing to unpack .../06-fontconfig-config_2.13.1-4.2ubuntu5_all.deb ...
Unpacking fontconfig-config (2.13.1-4.2ubuntu5) ...
Selecting previously unselected package libdeflate0:amd64.
Preparing to unpack .../07-libdeflate0_1.10-2_amd64.deb ...
Unpacking libdeflate0:amd64 (1.10-2) ...
Selecting previously unselected package libfontconfig1:amd64.
Preparing to unpack .../08-libfontconfig1_2.13.1-4.2ubuntu5_amd64.deb ...
Unpacking libfontconfig1:amd64 (2.13.1-4.2ubuntu5) ...
Selecting previously unselected package libjpeg-turbo8:amd64.
Preparing to unpack .../09-libjpeg-turbo8_2.1.2-0ubuntu1_amd64.deb ...
Unpacking libjpeg-turbo8:amd64 (2.1.2-0ubuntu1) ...
Selecting previously unselected package libjpeg8:amd64.
Preparing to unpack .../10-libjpeg8_8c-2ubuntu10_amd64.deb ...
Unpacking libjpeg8:amd64 (8c-2ubuntu10) ...
Selecting previously unselected package libjbig0:amd64.
Preparing to unpack .../11-libjbig0_2.1-3.1ubuntu0.22.04.1_amd64.deb ...
Unpacking libjbig0:amd64 (2.1-3.1ubuntu0.22.04.1) ...
Selecting previously unselected package libwebp7:amd64.
Preparing to unpack .../12-libwebp7_1.2.2-2ubuntu0.22.04.2_amd64.deb ...
Unpacking libwebp7:amd64 (1.2.2-2ubuntu0.22.04.2) ...
Selecting previously unselected package libtiff5:amd64.
Preparing to unpack .../13-libtiff5_4.3.0-6ubuntu0.10_amd64.deb ...
Unpacking libtiff5:amd64 (4.3.0-6ubuntu0.10) ...
Selecting previously unselected package libxpm4:amd64.
Preparing to unpack .../14-libxpm4_1%3a3.5.12-1ubuntu0.22.04.2_amd64.deb ...
Unpacking libxpm4:amd64 (1:3.5.12-1ubuntu0.22.04.2) ...
Selecting previously unselected package libgd3:amd64.
Preparing to unpack .../15-libgd3_2.3.0-2ubuntu2_amd64.deb ...
Unpacking libgd3:amd64 (2.3.0-2ubuntu2) ...
Selecting previously unselected package nginx-common.
Preparing to unpack .../16-nginx-common_1.18.0-6ubuntu14.5_all.deb ...
Unpacking nginx-common (1.18.0-6ubuntu14.5) ...
Selecting previously unselected package libnginx-mod-http-geoip2.
Preparing to unpack .../17-libnginx-mod-http-geoip2_1.18.0-6ubuntu14.5_amd64.deb
 ...
Unpacking libnginx-mod-http-geoip2 (1.18.0-6ubuntu14.5) ...
Selecting previously unselected package libnginx-mod-http-image-filter.
Preparing to unpack .../18-libnginx-mod-http-image-filter_1.18.0-6ubuntu14.5_amd
64.deb ...
Unpacking libnginx-mod-http-image-filter (1.18.0-6ubuntu14.5) ...
Selecting previously unselected package libnginx-mod-http-xslt-filter.
Preparing to unpack .../19-libnginx-mod-http-xslt-filter_1.18.0-6ubuntu14.5_amd6
4.deb ...
Unpacking libnginx-mod-http-xslt-filter (1.18.0-6ubuntu14.5) ...
Selecting previously unselected package libnginx-mod-mail.
Preparing to unpack .../20-libnginx-mod-mail_1.18.0-6ubuntu14.5_amd64.deb ...
Unpacking libnginx-mod-mail (1.18.0-6ubuntu14.5) ...
Selecting previously unselected package libnginx-mod-stream.
Preparing to unpack .../21-libnginx-mod-stream_1.18.0-6ubuntu14.5_amd64.deb ...
Unpacking libnginx-mod-stream (1.18.0-6ubuntu14.5) ...
Selecting previously unselected package libnginx-mod-stream-geoip2.
Preparing to unpack .../22-libnginx-mod-stream-geoip2_1.18.0-6ubuntu14.5_amd64.d
eb ...
Unpacking libnginx-mod-stream-geoip2 (1.18.0-6ubuntu14.5) ...
Selecting previously unselected package nginx-core.
Preparing to unpack .../23-nginx-core_1.18.0-6ubuntu14.5_amd64.deb ...
Unpacking nginx-core (1.18.0-6ubuntu14.5) ...
Selecting previously unselected package nginx.
Preparing to unpack .../24-nginx_1.18.0-6ubuntu14.5_amd64.deb ...
Unpacking nginx (1.18.0-6ubuntu14.5) ...
Setting up libxau6:amd64 (1:1.0.9-1build5) ...
Setting up libxdmcp6:amd64 (1:1.1.3-0ubuntu5) ...
Setting up libxcb1:amd64 (1.14-3ubuntu3) ...
Setting up libdeflate0:amd64 (1.10-2) ...
Setting up nginx-common (1.18.0-6ubuntu14.5) ...
Created symlink /etc/systemd/system/multi-user.target.wants/nginx.service → /lib
/systemd/system/nginx.service.
Setting up libjbig0:amd64 (2.1-3.1ubuntu0.22.04.1) ...
Setting up libnginx-mod-http-xslt-filter (1.18.0-6ubuntu14.5) ...
Setting up libx11-data (2:1.7.5-1ubuntu0.3) ...
Setting up fonts-dejavu-core (2.37-2build1) ...
Setting up libjpeg-turbo8:amd64 (2.1.2-0ubuntu1) ...
Setting up libwebp7:amd64 (1.2.2-2ubuntu0.22.04.2) ...
Setting up libx11-6:amd64 (2:1.7.5-1ubuntu0.3) ...
Setting up libnginx-mod-http-geoip2 (1.18.0-6ubuntu14.5) ...
Setting up libjpeg8:amd64 (8c-2ubuntu10) ...
Setting up libnginx-mod-mail (1.18.0-6ubuntu14.5) ...
Setting up libxpm4:amd64 (1:3.5.12-1ubuntu0.22.04.2) ...
Setting up fontconfig-config (2.13.1-4.2ubuntu5) ...
Setting up libnginx-mod-stream (1.18.0-6ubuntu14.5) ...
Setting up libtiff5:amd64 (4.3.0-6ubuntu0.10) ...
Setting up libfontconfig1:amd64 (2.13.1-4.2ubuntu5) ...
Setting up libnginx-mod-stream-geoip2 (1.18.0-6ubuntu14.5) ...
Setting up libgd3:amd64 (2.3.0-2ubuntu2) ...
Setting up libnginx-mod-http-image-filter (1.18.0-6ubuntu14.5) ...
Setting up nginx-core (1.18.0-6ubuntu14.5) ...
 * Upgrading binary nginx                                                [ OK ] 
Setting up nginx (1.18.0-6ubuntu14.5) ...
Processing triggers for ufw (0.36.1-4ubuntu0.1) ...
Processing triggers for man-db (2.10.2-1) ...
Processing triggers for libc-bin (2.35-0ubuntu3.8) ...
Scanning processes...                                                           
Scanning linux images...                                                        

Running kernel seems to be up-to-date.

No services need to be restarted.

No containers need to be restarted.

No user sessions are running outdated binaries.

No VM guests are running outdated hypervisor (qemu) binaries on this host.
root@web:~# systemctl status nginx
● nginx.service - A high performance web server and a reverse proxy server
     Loaded: loaded (/lib/systemd/system/nginx.service; enabled; vendor preset:>
     Active: active (running) since Wed 2024-10-23 19:34:45 UTC; 38s ago
       Docs: man:nginx(8)
    Process: 2437 ExecStartPre=/usr/sbin/nginx -t -q -g daemon on; master_proce>
    Process: 2438 ExecStart=/usr/sbin/nginx -g daemon on; master_process on; (c>
   Main PID: 2530 (nginx)
      Tasks: 3 (limit: 1584)
     Memory: 4.7M
        CPU: 399ms
     CGroup: /system.slice/nginx.service
             ├─2530 "nginx: master process /usr/sbin/nginx -g daemon on; master>
             ├─2532 "nginx: worker process" "" "" "" "" "" "" "" "" "" "" "" "">
             └─2533 "nginx: worker process" "" "" "" "" "" "" "" "" "" "" "" "">

Oct 23 19:34:45 web systemd[1]: Starting A high performance web server and a re>
Oct 23 19:34:45 web systemd[1]: Started A high performance web server and a rev>
lines 1-17/17 (END)
^C
root@web:~# ss -tln | grep 80
LISTEN 0      511          0.0.0.0:80        0.0.0.0:*          
LISTEN 0      511             [::]:80           [::]:*          
root@web:~# nginx -v
nginx version: nginx/1.18.0 (Ubuntu)
root@web:~# nano /etc/nginx/nginx.conf
root@web:~# nginx -t
nginx: the configuration file /etc/nginx/nginx.conf syntax is ok
nginx: configuration file /etc/nginx/nginx.conf test is successful
root@web:~# systemctl restart nginx
root@web:~# mv /var/www/html/index.nginx-debian.html /var/www/ 
root@web:~# 

