user@user-VirtualBox:~/Desktop/SystemLoad$ vagrant init generic/ubuntu2204
A `Vagrantfile` has been placed in this directory. You are now
ready to `vagrant up` your first virtual environment! Please read
the comments in the Vagrantfile as well as documentation on
`vagrantup.com` for more information on using Vagrant.
user@user-VirtualBox:~/Desktop/SystemLoad$ vagrant up
Bringing machine 'default' up with 'virtualbox' provider...
==> default: Importing base box 'generic/ubuntu2204'...
==> default: Matching MAC address for NAT networking...
==> default: Checking if box 'generic/ubuntu2204' version '4.3.12' is up to date...
==> default: Setting the name of the VM: SystemLoad_default_1729450485945_72738
==> default: Fixed port collision for 22 => 2222. Now on port 2200.
==> default: Clearing any previously set network interfaces...
==> default: Preparing network interfaces based on configuration...
    default: Adapter 1: nat
==> default: Forwarding ports...
    default: 22 (guest) => 2200 (host) (adapter 1)
==> default: Running 'pre-boot' VM customizations...
==> default: Booting VM...
==> default: Waiting for machine to boot. This may take a few minutes...
    default: SSH address: 127.0.0.1:2200
    default: SSH username: vagrant
    default: SSH auth method: private key
    default: Warning: Connection reset. Retrying...
    default: Warning: Remote connection disconnect. Retrying...
    default: Warning: Connection reset. Retrying...
    default: Warning: Remote connection disconnect. Retrying...
    default: 
    default: Vagrant insecure key detected. Vagrant will automatically replace
    default: this with a newly generated keypair for better security.
    default: 
    default: Inserting generated public key within guest...
    default: Removing insecure key from the guest if it's present...
    default: Key inserted! Disconnecting and reconnecting using new SSH key...
==> default: Machine booted and ready!
==> default: Checking for guest additions in VM...
user@user-VirtualBox:~/Desktop/SystemLoad$ vagrant ssh
vagrant@ubuntu2204:~$ sudo -s
root@ubuntu2204:/home/vagrant# nano /etc/default/grub
root@ubuntu2204:/home/vagrant# update-grub
Sourcing file `/etc/default/grub'
Sourcing file `/etc/default/grub.d/init-select.cfg'
Generating grub configuration file ...
Found linux image: /boot/vmlinuz-5.15.0-91-generic
Found initrd image: /boot/initrd.img-5.15.0-91-generic
Warning: os-prober will not be executed to detect other bootable partitions.
Systems on them will not be added to the GRUB boot configuration.
Check GRUB_DISABLE_OS_PROBER documentation entry.
done
root@ubuntu2204:/home/vagrant# reboot
Connection to 127.0.0.1 closed by remote host.
user@user-VirtualBox:~/Desktop/SystemLoad$ vagrant ssh
Last login: Sun Oct 20 19:07:41 2024 from 10.0.2.2
vagrant@ubuntu2204:~$ reboot
Failed to set wall message, ignoring: Interactive authentication required.
Failed to reboot system via logind: Interactive authentication required.
Failed to open initctl fifo: Permission denied
Failed to talk to init daemon.
vagrant@ubuntu2204:~$ sudo -s
root@ubuntu2204:/home/vagrant# reboot
Connection to 127.0.0.1 closed by remote host.
user@user-VirtualBox:~/Desktop/SystemLoad$ vagrant ssh
Last login: Sun Oct 20 19:10:53 2024 from 10.0.2.2
vagrant@ubuntu2204:~$ vgs
  WARNING: Running as a non-root user. Functionality may be unavailable.
  /run/lock/lvm/P_global:aux: open failed: Permission denied
vagrant@ubuntu2204:~$ sudo -s
root@ubuntu2204:/home/vagrant# vgs
  VG        #PV #LV #SN Attr   VSize    VFree 
  ubuntu-vg   1   1   0 wz--n- <126.00g 63.00g
root@ubuntu2204:/home/vagrant# vgrename ubuntu-vg ubuntu-otus
  Volume group "ubuntu-vg" successfully renamed to "ubuntu-otus"
root@ubuntu2204:/home/vagrant# vgs
  VG          #PV #LV #SN Attr   VSize    VFree 
  ubuntu-otus   1   1   0 wz--n- <126.00g 63.00g
root@ubuntu2204:/home/vagrant# nano /boot/grub/grub.cfg 
root@ubuntu2204:/home/vagrant# reboot
Connection to 127.0.0.1 closed by remote host.
user@user-VirtualBox:~/Desktop/SystemLoad$ vagrant ssh
Last login: Sun Oct 20 19:22:19 2024 from 10.0.2.2
vagrant@ubuntu2204:~$ sudo -s
root@ubuntu2204:/home/vagrant# vgs
  VG          #PV #LV #SN Attr   VSize    VFree 
  ubuntu-otus   1   1   0 wz--n- <126.00g 63.00g
root@ubuntu2204:/home/vagrant# 

