user@user-VirtualBox:~/Desktop/LVM$ vagrant up
Bringing machine 'lvm' up with 'virtualbox' provider...
==> lvm: Box 'centos/7' could not be found. Attempting to find and install...
    lvm: Box Provider: virtualbox
    lvm: Box Version: 1804.02
==> lvm: Loading metadata for box 'centos/7'
    lvm: URL: https://vagrantcloud.com/api/v2/vagrant/centos/7
==> lvm: Adding box 'centos/7' (v1804.02) for provider: virtualbox
    lvm: Downloading: https://vagrantcloud.com/centos/boxes/7/versions/1804.02/providers/virtualbox/unknown/vagrant.box
Download redirected to host: cloud.centos.org
==> lvm: Successfully added box 'centos/7' (v1804.02) for 'virtualbox'!
==> lvm: Importing base box 'centos/7'...
==> lvm: Matching MAC address for NAT networking...
==> lvm: Checking if box 'centos/7' version '1804.02' is up to date...
==> lvm: Setting the name of the VM: LVM_lvm_1729180615113_52109
==> lvm: Fixed port collision for 22 => 2222. Now on port 2200.
==> lvm: Clearing any previously set network interfaces...
The IP address configured for the host-only network is not within the
allowed ranges. Please update the address used to be within the allowed
ranges and run the command again.

  Address: 192.168.11.101
  Ranges: 192.168.56.0/21

Valid ranges can be modified in the /etc/vbox/networks.conf file. For
more information including valid format see:

  https://www.virtualbox.org/manual/ch06.html#network_hostonly
user@user-VirtualBox:~/Desktop/LVM$ vagrant destroy
    lvm: Are you sure you want to destroy the 'lvm' VM? [y/N] y
==> lvm: Destroying VM and associated drives...
user@user-VirtualBox:~/Desktop/LVM$ vagrant up
Bringing machine 'lvm' up with 'virtualbox' provider...
==> lvm: Importing base box 'centos/7'...
==> lvm: Matching MAC address for NAT networking...
==> lvm: Checking if box 'centos/7' version '1804.02' is up to date...
==> lvm: Setting the name of the VM: LVM_lvm_1729180749443_41836
==> lvm: Fixed port collision for 22 => 2222. Now on port 2200.
==> lvm: Clearing any previously set network interfaces...
==> lvm: Preparing network interfaces based on configuration...
    lvm: Adapter 1: nat
    lvm: Adapter 2: hostonly
==> lvm: Forwarding ports...
    lvm: 22 (guest) => 2200 (host) (adapter 1)
==> lvm: Running 'pre-boot' VM customizations...
==> lvm: Booting VM...
==> lvm: Waiting for machine to boot. This may take a few minutes...
    lvm: SSH address: 127.0.0.1:2200
    lvm: SSH username: vagrant
    lvm: SSH auth method: private key
    lvm: Warning: Connection reset. Retrying...
    lvm: Warning: Remote connection disconnect. Retrying...
    lvm: 
    lvm: Vagrant insecure key detected. Vagrant will automatically replace
    lvm: this with a newly generated keypair for better security.
    lvm: 
    lvm: Inserting generated public key within guest...
    lvm: Removing insecure key from the guest if it's present...
    lvm: Key inserted! Disconnecting and reconnecting using new SSH key...
==> lvm: Machine booted and ready!
==> lvm: Checking for guest additions in VM...
    lvm: No guest additions were detected on the base box for this VM! Guest
    lvm: additions are required for forwarded ports, shared folders, host only
    lvm: networking, and more. If SSH fails on this machine, please install
    lvm: the guest additions and repackage the box to continue.
    lvm: 
    lvm: This is not an error message; everything may continue to work properly,
    lvm: in which case you may ignore this message.
==> lvm: Setting hostname...
==> lvm: Configuring and enabling network interfaces...
==> lvm: Rsyncing folder: /home/user/Desktop/LVM/ => /vagrant
==> lvm: Running provisioner: shell...
    lvm: Running: inline script
    lvm: Loaded plugins: fastestmirror
    lvm: Determining fastest mirrors
    lvm: Could not retrieve mirrorlist http://mirrorlist.centos.org/?release=7&arch=x86_64&repo=os&infra=vag error was
    lvm: 14: curl#6 - "Could not resolve host: mirrorlist.centos.org; Unknown error"
    lvm: 
    lvm: 
    lvm:  One of the configured repositories failed (Unknown),
    lvm:  and yum doesn't have enough cached data to continue. At this point the only
    lvm:  safe thing yum can do is fail. There are a few ways to work "fix" this:
    lvm: 
    lvm:      1. Contact the upstream for the repository and get them to fix the problem.
    lvm: 
    lvm:      2. Reconfigure the baseurl/etc. for the repository, to point to a working
    lvm:         upstream. This is most often useful if you are using a newer
    lvm:         distribution release than is supported by the repository (and the
    lvm:         packages for the previous distribution release still work).
    lvm: 
    lvm:      3. Run the command with the repository temporarily disabled
    lvm:             yum --disablerepo=<repoid> ...
    lvm: 
    lvm:      4. Disable the repository permanently, so yum won't use it by default. Yum
    lvm:         will then just ignore the repository until you permanently enable it
    lvm:         again or use --enablerepo for temporary usage:
    lvm: 
    lvm:             yum-config-manager --disable <repoid>
    lvm:         or
    lvm:             subscription-manager repos --disable=<repoid>
    lvm: 
    lvm:      5. Configure the failing repository to be skipped, if it is unavailable.
    lvm:         Note that yum will try to contact the repo. when it runs most commands,
    lvm:         so will have to try and fail each time (and thus. yum will be be much
    lvm:         slower). If it is a very temporary problem though, this is often a nice
    lvm:         compromise:
    lvm: 
    lvm:             yum-config-manager --save --setopt=<repoid>.skip_if_unavailable=true
    lvm: 
    lvm: Cannot find a valid baseurl for repo: base/7/x86_64
The SSH command responded with a non-zero exit status. Vagrant
assumes that this means the command failed. The output for this command
should be in the log above. Please read the output to determine what
went wrong.
user@user-VirtualBox:~/Desktop/LVM$ vagrant ssh
[vagrant@lvm ~]$ sudo vi /etc/yum.repos.d/CentOS-Base.repo 
[vagrant@lvm ~]$ sudo yum install -y xfsdump
Loaded plugins: fastestmirror
Loading mirror speeds from cached hostfile
base                                                     | 3.6 kB     00:00     
extras                                                   | 2.9 kB     00:00     
updates                                                  | 2.9 kB     00:00     
(1/4): base/x86_64/group_gz                                | 153 kB   00:01     
(2/4): extras/x86_64/primary_db                            | 253 kB   00:01     
(3/4): base/x86_64/primary_db                              | 6.1 MB   00:02     
(4/4): updates/x86_64/primary_db                           |  27 MB   00:06     
Resolving Dependencies
--> Running transaction check
---> Package xfsdump.x86_64 0:3.1.7-4.el7_9 will be installed
--> Processing Dependency: attr >= 2.0.0 for package: xfsdump-3.1.7-4.el7_9.x86_64
--> Running transaction check
---> Package attr.x86_64 0:2.4.46-13.el7 will be installed
--> Finished Dependency Resolution

Dependencies Resolved

================================================================================
 Package          Arch            Version                Repository        Size
================================================================================
Installing:
 xfsdump          x86_64          3.1.7-4.el7_9          updates          309 k
Installing for dependencies:
 attr             x86_64          2.4.46-13.el7          base              66 k

Transaction Summary
================================================================================
Install  1 Package (+1 Dependent package)

Total download size: 375 k
Installed size: 1.1 M
Downloading packages:
warning: /var/cache/yum/x86_64/7/base/packages/attr-2.4.46-13.el7.x86_64.rpm: Header V3 RSA/SHA256 Signature, key ID f4a80eb5: NOKEY
Public key for attr-2.4.46-13.el7.x86_64.rpm is not installed
(1/2): attr-2.4.46-13.el7.x86_64.rpm                       |  66 kB   00:01     
Public key for xfsdump-3.1.7-4.el7_9.x86_64.rpm is not installed
(2/2): xfsdump-3.1.7-4.el7_9.x86_64.rpm                    | 309 kB   00:01     
--------------------------------------------------------------------------------
Total                                              218 kB/s | 375 kB  00:01     
Retrieving key from file:///etc/pki/rpm-gpg/RPM-GPG-KEY-CentOS-7
Importing GPG key 0xF4A80EB5:
 Userid     : "CentOS-7 Key (CentOS 7 Official Signing Key) <security@centos.org>"
 Fingerprint: 6341 ab27 53d7 8a78 a7c2 7bb1 24c6 a8a7 f4a8 0eb5
 Package    : centos-release-7-5.1804.el7.centos.x86_64 (@anaconda)
 From       : /etc/pki/rpm-gpg/RPM-GPG-KEY-CentOS-7
Running transaction check
Running transaction test
Transaction test succeeded
Running transaction
  Installing : attr-2.4.46-13.el7.x86_64                                    1/2 
  Installing : xfsdump-3.1.7-4.el7_9.x86_64                                 2/2 
  Verifying  : attr-2.4.46-13.el7.x86_64                                    1/2 
  Verifying  : xfsdump-3.1.7-4.el7_9.x86_64                                 2/2 

Installed:
  xfsdump.x86_64 0:3.1.7-4.el7_9                                                

Dependency Installed:
  attr.x86_64 0:2.4.46-13.el7                                                   

Complete!
[vagrant@lvm ~]$ pvcreate /dev/sdb
  WARNING: Running as a non-root user. Functionality may be unavailable.
  /run/lvm/lvmetad.socket: access failed: Permission denied
  WARNING: Failed to connect to lvmetad. Falling back to device scanning.
  /run/lock/lvm/P_orphans:aux: open failed: Permission denied
  Can't get lock for orphan PVs.
[vagrant@lvm ~]$ sudo -i
[root@lvm ~]# pvcreate /dev/sdb
  Physical volume "/dev/sdb" successfully created.
[root@lvm ~]# vgcreate vg_root/dev/sdb
  No command with matching syntax recognised.  Run 'vgcreate --help' for more information.
  Correct command syntax is:
  vgcreate VG_new PV ...

[root@lvm ~]# vgcreate vg_root /dev/sdb
  Volume group "vg_root" successfully created
[root@lvm ~]# lvcreate -n lv_root -l +100%FREE /dev/vg_root
  Logical volume "lv_root" created.
[root@lvm ~]# mkfs.xfs /dev/vg_root/lv_root
meta-data=/dev/vg_root/lv_root   isize=512    agcount=4, agsize=655104 blks
         =                       sectsz=512   attr=2, projid32bit=1
         =                       crc=1        finobt=0, sparse=0
data     =                       bsize=4096   blocks=2620416, imaxpct=25
         =                       sunit=0      swidth=0 blks
naming   =version 2              bsize=4096   ascii-ci=0 ftype=1
log      =internal log           bsize=4096   blocks=2560, version=2
         =                       sectsz=512   sunit=0 blks, lazy-count=1
realtime =none                   extsz=4096   blocks=0, rtextents=0
[root@lvm ~]# mount /dev/vg_root/lv_root /mnt
[root@lvm ~]# xfsdump -J - /dev/VolGroup00/LogVol00 | xfsrestore -J - /mnt
xfsdump: using file dump (drive_simple) strategy
xfsdump: version 3.1.7 (dump format 3.0)
xfsrestore: using file dump (drive_simple) strategy
xfsrestore: version 3.1.7 (dump format 3.0)
xfsdump: level 0 dump of lvm:/
xfsdump: dump date: Thu Oct 17 16:14:17 2024
xfsdump: session id: fcdad5de-9efb-445a-a1ac-aeaeda19a9a1
xfsdump: session label: ""
xfsrestore: searching media for dump
xfsdump: ino map phase 1: constructing initial dump list
xfsdump: ino map phase 2: skipping (no pruning necessary)
xfsdump: ino map phase 3: skipping (only one dump stream)
xfsdump: ino map construction complete
xfsdump: estimated dump size: 903212864 bytes
xfsdump: creating dump session media file 0 (media 0, file 0)
xfsdump: dumping ino map
xfsdump: dumping directories
xfsrestore: examining media file 0
xfsrestore: dump description: 
xfsrestore: hostname: lvm
xfsrestore: mount point: /
xfsrestore: volume: /dev/mapper/VolGroup00-LogVol00
xfsrestore: session time: Thu Oct 17 16:14:17 2024
xfsrestore: level: 0
xfsrestore: session label: ""
xfsrestore: media label: ""
xfsrestore: file system id: b60e9498-0baa-4d9f-90aa-069048217fee
xfsrestore: session id: fcdad5de-9efb-445a-a1ac-aeaeda19a9a1
xfsrestore: media id: eab4dbcd-7850-47ea-8eec-e5fac61d7f19
xfsrestore: searching media for directory dump
xfsrestore: reading directories
xfsdump: dumping non-directory files
xfsrestore: 2675 directories and 23413 entries processed
xfsrestore: directory post-processing
xfsrestore: restoring non-directory files
xfsdump: ending media file
xfsdump: media file size 880506552 bytes
xfsdump: dump size (non-dir files) : 867447712 bytes
xfsdump: dump complete: 21 seconds elapsed
xfsdump: Dump Status: SUCCESS
xfsrestore: restore complete: 21 seconds elapsed
xfsrestore: Restore Status: SUCCESS
[root@lvm ~]# ls /mnt
bin  boot  dev  etc  home  lib  lib64  media  mnt  opt  proc  root  run  sbin  srv  sys  tmp  usr  vagrant  var
[root@lvm ~]# for i in /proc/ /sys/ /dev/ /run/ /boot/; do mount --bind $i /mnt/$i; done
[root@lvm ~]# chroot /mnt/
[root@lvm /]# grub2-mkconfig -o /boot/grub2/grub.cfg
Generating grub configuration file ...
Found linux image: /boot/vmlinuz-3.10.0-862.2.3.el7.x86_64
Found initrd image: /boot/initramfs-3.10.0-862.2.3.el7.x86_64.img
done
[root@lvm /]# cd /boot ; for i in `ls initramfs-*img`; do dracut -v $i `echo $i|sed "s/initramfs-//g; > s/.img//g"` --force; done
sed: -e expression #1, char 18: unknown command: `>'
Executing: /sbin/dracut -v initramfs-3.10.0-862.2.3.el7.x86_64.img --force
dracut module 'busybox' will not be installed, because command 'busybox' could not be found!
^[[Adracut module 'crypt' will not be installed, because command 'cryptsetup' could not be found!
dracut module 'dmraid' will not be installed, because command 'dmraid' could not be found!
dracut module 'dmsquash-live-ntfs' will not be installed, because command 'ntfs-3g' could not be found!
dracut module 'mdraid' will not be installed, because command 'mdadm' could not be found!
dracut module 'multipath' will not be installed, because command 'multipath' could not be found!
dracut module 'busybox' will not be installed, because command 'busybox' could not be found!
dracut module 'crypt' will not be installed, because command 'cryptsetup' could not be found!
dracut module 'dmraid' will not be installed, because command 'dmraid' could not be found!
dracut module 'dmsquash-live-ntfs' will not be installed, because command 'ntfs-3g' could not be found!
dracut module 'mdraid' will not be installed, because command 'mdadm' could not be found!
dracut module 'multipath' will not be installed, because command 'multipath' could not be found!
*** Including module: bash ***
*** Including module: nss-softokn ***
*** Including module: i18n ***
*** Including module: drm ***
*** Including module: plymouth ***
*** Including module: dm ***
Skipping udev rule: 64-device-mapper.rules
Skipping udev rule: 60-persistent-storage-dm.rules
Skipping udev rule: 55-dm.rules
*** Including module: kernel-modules ***
Omitting driver floppy
*** Including module: lvm ***
Skipping udev rule: 64-device-mapper.rules
Skipping udev rule: 56-lvm.rules
Skipping udev rule: 60-persistent-storage-lvm.rules
*** Including module: qemu ***
*** Including module: resume ***
*** Including module: rootfs-block ***
*** Including module: terminfo ***
*** Including module: udev-rules ***
Skipping udev rule: 40-redhat-cpu-hotplug.rules
Skipping udev rule: 91-permissions.rules
*** Including module: biosdevname ***
*** Including module: systemd ***
*** Including module: usrmount ***
*** Including module: base ***
*** Including module: fs-lib ***
*** Including module: shutdown ***
*** Including modules done ***
*** Installing kernel module dependencies and firmware ***
*** Installing kernel module dependencies and firmware done ***
*** Resolving executable dependencies ***
*** Resolving executable dependencies done***
*** Hardlinking files ***
*** Hardlinking files done ***
*** Stripping files ***
*** Stripping files done ***
*** Generating early-microcode cpio image contents ***
*** Constructing AuthenticAMD.bin ****
*** No early-microcode cpio image needed ***
*** Store current command line parameters ***
*** Creating image file ***
*** Creating image file done ***
*** Creating initramfs image file '/boot/initramfs-3.10.0-862.2.3.el7.x86_64.img' done ***
[root@lvm boot]# cd /boot ; for i in `ls initramfs-*img`; do dracut -v $i `echo $i|sed "s/initramfs-//g; s/.img//g"` --force; done
Executing: /sbin/dracut -v initramfs-3.10.0-862.2.3.el7.x86_64.img 3.10.0-862.2.3.el7.x86_64 --force
dracut module 'busybox' will not be installed, because command 'busybox' could not be found!
dracut module 'crypt' will not be installed, because command 'cryptsetup' could not be found!
dracut module 'dmraid' will not be installed, because command 'dmraid' could not be found!
dracut module 'dmsquash-live-ntfs' will not be installed, because command 'ntfs-3g' could not be found!
dracut module 'mdraid' will not be installed, because command 'mdadm' could not be found!
dracut module 'multipath' will not be installed, because command 'multipath' could not be found!
dracut module 'busybox' will not be installed, because command 'busybox' could not be found!
dracut module 'crypt' will not be installed, because command 'cryptsetup' could not be found!
dracut module 'dmraid' will not be installed, because command 'dmraid' could not be found!
dracut module 'dmsquash-live-ntfs' will not be installed, because command 'ntfs-3g' could not be found!
dracut module 'mdraid' will not be installed, because command 'mdadm' could not be found!
dracut module 'multipath' will not be installed, because command 'multipath' could not be found!
*** Including module: bash ***
*** Including module: nss-softokn ***
*** Including module: i18n ***
*** Including module: drm ***
*** Including module: plymouth ***
*** Including module: dm ***
Skipping udev rule: 64-device-mapper.rules
Skipping udev rule: 60-persistent-storage-dm.rules
Skipping udev rule: 55-dm.rules
*** Including module: kernel-modules ***
Omitting driver floppy
*** Including module: lvm ***
Skipping udev rule: 64-device-mapper.rules
Skipping udev rule: 56-lvm.rules
Skipping udev rule: 60-persistent-storage-lvm.rules
*** Including module: qemu ***
*** Including module: resume ***
*** Including module: rootfs-block ***
*** Including module: terminfo ***
*** Including module: udev-rules ***
Skipping udev rule: 40-redhat-cpu-hotplug.rules
Skipping udev rule: 91-permissions.rules
*** Including module: biosdevname ***
*** Including module: systemd ***
*** Including module: usrmount ***
*** Including module: base ***
*** Including module: fs-lib ***
*** Including module: shutdown ***
*** Including modules done ***
*** Installing kernel module dependencies and firmware ***
*** Installing kernel module dependencies and firmware done ***
*** Resolving executable dependencies ***
*** Resolving executable dependencies done***
*** Hardlinking files ***
*** Hardlinking files done ***
*** Stripping files ***
*** Stripping files done ***
*** Generating early-microcode cpio image contents ***
*** Constructing AuthenticAMD.bin ****
*** No early-microcode cpio image needed ***
*** Store current command line parameters ***
*** Creating image file ***
*** Creating image file done ***
*** Creating initramfs image file '/boot/initramfs-3.10.0-862.2.3.el7.x86_64.img' done ***
[root@lvm boot]# vi /boot/grub2/grub.cfg
[root@lvm boot]# vi /boot/grub2/grub.cfg
[root@lvm boot]# reboot
Running in chroot, ignoring request.
[root@lvm boot]# lsblk
NAME                    MAJ:MIN RM  SIZE RO TYPE MOUNTPOINT
sda                       8:0    0   40G  0 disk 
├─sda1                    8:1    0    1M  0 part 
├─sda2                    8:2    0    1G  0 part /boot
└─sda3                    8:3    0   39G  0 part 
  ├─VolGroup00-LogVol00 253:0    0 37.5G  0 lvm  
  └─VolGroup00-LogVol01 253:1    0  1.5G  0 lvm  [SWAP]
sdb                       8:16   0   10G  0 disk 
└─vg_root-lv_root       253:2    0   10G  0 lvm  /
sdc                       8:32   0    2G  0 disk 
sdd                       8:48   0    1G  0 disk 
sde                       8:64   0    1G  0 disk 
[root@lvm boot]# lvremove /dev/VolGroup00/LogVol00
  Logical volume VolGroup00/LogVol00 contains a filesystem in use.
[root@lvm boot]# exit
exit
[root@lvm ~]# reboot
PolicyKit daemon disconnected from the bus.
We are no longer a registered authentication agent.
Connection to 127.0.0.1 closed by remote host.
user@user-VirtualBox:~/Desktop/LVM$ vagrant ssh
^Cuser@user-VirtualBox:~/Desktop/LVM$ ^C
user@user-VirtualBox:~/Desktop/LVM$ vagrant ssh
Last login: Thu Oct 17 16:05:25 2024 from 10.0.2.2
[vagrant@lvm ~]$ sudo -i
[root@lvm ~]# lsblk
NAME                    MAJ:MIN RM  SIZE RO TYPE MOUNTPOINT
sda                       8:0    0   40G  0 disk 
├─sda1                    8:1    0    1M  0 part 
├─sda2                    8:2    0    1G  0 part /boot
└─sda3                    8:3    0   39G  0 part 
  ├─VolGroup00-LogVol01 253:1    0  1.5G  0 lvm  [SWAP]
  └─VolGroup00-LogVol00 253:2    0 37.5G  0 lvm  
sdb                       8:16   0   10G  0 disk 
└─vg_root-lv_root       253:0    0   10G  0 lvm  /
sdc                       8:32   0    2G  0 disk 
sdd                       8:48   0    1G  0 disk 
sde                       8:64   0    1G  0 disk 
[root@lvm ~]# lvremove /dev/VolGroup00/LogVol00
Do you really want to remove active logical volume VolGroup00/LogVol00? [y/n]: y
  Logical volume "LogVol00" successfully removed
[root@lvm ~]# lvcreate -n VolGroup00/LogVol00 -L 8G /dev/VolGroup00
WARNING: xfs signature detected on /dev/VolGroup00/LogVol00 at offset 0. Wipe it? [y/n]: y
  Wiping xfs signature on /dev/VolGroup00/LogVol00.
  Logical volume "LogVol00" created.
[root@lvm ~]# mkfs.xfs /dev/VolGroup00/LogVol00
meta-data=/dev/VolGroup00/LogVol00 isize=512    agcount=4, agsize=524288 blks
         =                       sectsz=512   attr=2, projid32bit=1
         =                       crc=1        finobt=0, sparse=0
data     =                       bsize=4096   blocks=2097152, imaxpct=25
         =                       sunit=0      swidth=0 blks
naming   =version 2              bsize=4096   ascii-ci=0 ftype=1
log      =internal log           bsize=4096   blocks=2560, version=2
         =                       sectsz=512   sunit=0 blks, lazy-count=1
realtime =none                   extsz=4096   blocks=0, rtextents=0
[root@lvm ~]# mount /dev/VolGroup00/LogVol00 /mnt
[root@lvm ~]# xfsdump -J - /dev/vg_root/lv_root | \
> ^C
[root@lvm ~]# ^C
[root@lvm ~]# ^C
[root@lvm ~]# fsdump -J - /dev/vg_root/lv_root | xfsrestore -J - /mnt
-bash: fsdump: command not found
xfsrestore: using file dump (drive_simple) strategy
xfsrestore: version 3.1.7 (dump format 3.0)
xfsrestore: searching media for dump
xfsrestore: restore complete: 0 seconds elapsed
xfsrestore: Restore Status: SUCCESS
[root@lvm ~]# for i in /proc/ /sys/ /dev/ /run/ /boot/; do mount --bind $i /mnt/$i; done
mount: mount point /mnt//proc/ does not exist
mount: mount point /mnt//sys/ does not exist
mount: mount point /mnt//dev/ does not exist
mount: mount point /mnt//run/ does not exist
mount: mount point /mnt//boot/ does not exist
[root@lvm ~]# for i in /proc/ /sys/ /dev/ /run/ /boot/; do mount --bind $i /mnt/$i; done
mount: mount point /mnt//proc/ does not exist
mount: mount point /mnt//sys/ does not exist
mount: mount point /mnt//dev/ does not exist
mount: mount point /mnt//run/ does not exist
mount: mount point /mnt//boot/ does not exist
[root@lvm ~]# chroot /mnt/
chroot: failed to run command ‘/bin/bash’: No such file or directory
[root@lvm ~]# mount /dev/VolGroup00/LogVol00 /mnt
mount: /dev/mapper/VolGroup00-LogVol00 is already mounted or /mnt busy
       /dev/mapper/VolGroup00-LogVol00 is already mounted on /mnt
[root@lvm ~]# fsdump -J - /dev/vg_root/lv_root | xfsrestore -J - /mnt
xfsrestore: using file dump (drive_simple) strategy
xfsrestore: version 3.1.7 (dump format 3.0)
-bash: fsdump: command not found
xfsrestore: searching media for dump
xfsrestore: restore complete: 0 seconds elapsed
xfsrestore: Restore Status: SUCCESS
[root@lvm ~]# xfsdump -J - /dev/vg_root/lv_root | xfsrestore -J - /mnt
xfsrestore: using file dump (drive_simple) strategy
xfsrestore: version 3.1.7 (dump format 3.0)
xfsrestore: searching media for dump
xfsdump: using file dump (drive_simple) strategy
xfsdump: version 3.1.7 (dump format 3.0)
xfsdump: level 0 dump of lvm:/
xfsdump: dump date: Thu Oct 17 16:46:17 2024
xfsdump: session id: 0097c15a-2df3-4f56-8f41-5c5d5f6529ed
xfsdump: session label: ""
xfsdump: ino map phase 1: constructing initial dump list
xfsdump: ino map phase 2: skipping (no pruning necessary)
xfsdump: ino map phase 3: skipping (only one dump stream)
xfsdump: ino map construction complete
xfsdump: estimated dump size: 901768576 bytes
xfsdump: creating dump session media file 0 (media 0, file 0)
xfsdump: dumping ino map
xfsdump: dumping directories
xfsrestore: examining media file 0
xfsrestore: dump description: 
xfsrestore: hostname: lvm
xfsrestore: mount point: /
xfsrestore: volume: /dev/mapper/vg_root-lv_root
xfsrestore: session time: Thu Oct 17 16:46:17 2024
xfsrestore: level: 0
xfsrestore: session label: ""
xfsrestore: media label: ""
xfsrestore: file system id: f7807d42-24f7-4459-80e5-844bdf4d54ab
xfsrestore: session id: 0097c15a-2df3-4f56-8f41-5c5d5f6529ed
xfsrestore: media id: bd12a469-79a9-4f71-a438-4be8e9ace097
xfsrestore: searching media for directory dump
xfsrestore: reading directories
xfsdump: dumping non-directory files
xfsrestore: 2679 directories and 23418 entries processed
xfsrestore: directory post-processing
xfsrestore: restoring non-directory files
xfsdump: ending media file
xfsdump: media file size 879130520 bytes
xfsdump: dump size (non-dir files) : 866067984 bytes
xfsdump: dump complete: 22 seconds elapsed
xfsdump: Dump Status: SUCCESS
xfsrestore: restore complete: 22 seconds elapsed
xfsrestore: Restore Status: SUCCESS
[root@lvm ~]# for i in /proc/ /sys/ /dev/ /run/ /boot/; do mount --bind $i /mnt/$i; done
[root@lvm ~]# chroot /mnt/
[root@lvm /]# grub2-mkconfig -o /boot/grub2/grub.cfg
Generating grub configuration file ...
Found linux image: /boot/vmlinuz-3.10.0-862.2.3.el7.x86_64
Found initrd image: /boot/initramfs-3.10.0-862.2.3.el7.x86_64.img
done
[root@lvm /]# cd /boot ; for i in `ls initramfs-*img`; do dracut -v $i `echo $i|sed "s/initramfs-//g; s/.img//g"` --force; done
Executing: /sbin/dracut -v initramfs-3.10.0-862.2.3.el7.x86_64.img 3.10.0-862.2.3.el7.x86_64 --force
dracut module 'busybox' will not be installed, because command 'busybox' could not be found!
dracut module 'crypt' will not be installed, because command 'cryptsetup' could not be found!
dracut module 'dmraid' will not be installed, because command 'dmraid' could not be found!
dracut module 'dmsquash-live-ntfs' will not be installed, because command 'ntfs-3g' could not be found!
dracut module 'mdraid' will not be installed, because command 'mdadm' could not be found!
dracut module 'multipath' will not be installed, because command 'multipath' could not be found!
dracut module 'busybox' will not be installed, because command 'busybox' could not be found!
dracut module 'crypt' will not be installed, because command 'cryptsetup' could not be found!
dracut module 'dmraid' will not be installed, because command 'dmraid' could not be found!
dracut module 'dmsquash-live-ntfs' will not be installed, because command 'ntfs-3g' could not be found!
dracut module 'mdraid' will not be installed, because command 'mdadm' could not be found!
dracut module 'multipath' will not be installed, because command 'multipath' could not be found!
*** Including module: bash ***
*** Including module: nss-softokn ***
*** Including module: i18n ***
*** Including module: drm ***
*** Including module: plymouth ***
*** Including module: dm ***
Skipping udev rule: 64-device-mapper.rules
Skipping udev rule: 60-persistent-storage-dm.rules
Skipping udev rule: 55-dm.rules
*** Including module: kernel-modules ***
Omitting driver floppy
*** Including module: lvm ***
Skipping udev rule: 64-device-mapper.rules
Skipping udev rule: 56-lvm.rules
Skipping udev rule: 60-persistent-storage-lvm.rules
*** Including module: qemu ***
*** Including module: resume ***
*** Including module: rootfs-block ***
*** Including module: terminfo ***
*** Including module: udev-rules ***
Skipping udev rule: 40-redhat-cpu-hotplug.rules
Skipping udev rule: 91-permissions.rules
*** Including module: biosdevname ***
*** Including module: systemd ***
*** Including module: usrmount ***
*** Including module: base ***
*** Including module: fs-lib ***
*** Including module: shutdown ***
*** Including modules done ***
*** Installing kernel module dependencies and firmware ***
*** Installing kernel module dependencies and firmware done ***
*** Resolving executable dependencies ***
*** Resolving executable dependencies done***
*** Hardlinking files ***
*** Hardlinking files done ***
*** Stripping files ***
*** Stripping files done ***
*** Generating early-microcode cpio image contents ***
*** Constructing AuthenticAMD.bin ****
*** No early-microcode cpio image needed ***
*** Store current command line parameters ***
*** Creating image file ***
*** Creating image file done ***
*** Creating initramfs image file '/boot/initramfs-3.10.0-862.2.3.el7.x86_64.img' done ***
[root@lvm boot]# pvcreate /dev/sdc /dev/sdd
  Physical volume "/dev/sdc" successfully created.
  Physical volume "/dev/sdd" successfully created.
[root@lvm boot]# vgcreate vg_var /dev/sdc /dev/sdd
  Volume group "vg_var" successfully created
[root@lvm boot]# lvcreate -L 950M -m1 -n lv_var vg_var
  Rounding up size to full physical extent 952.00 MiB
  Logical volume "lv_var" created.
[root@lvm boot]# mkfs.ext4 /dev/vg_var/lv_var
mke2fs 1.42.9 (28-Dec-2013)
Filesystem label=
OS type: Linux
Block size=4096 (log=2)
Fragment size=4096 (log=2)
Stride=0 blocks, Stripe width=0 blocks
60928 inodes, 243712 blocks
12185 blocks (5.00%) reserved for the super user
First data block=0
Maximum filesystem blocks=249561088
8 block groups
32768 blocks per group, 32768 fragments per group
7616 inodes per group
Superblock backups stored on blocks: 
	32768, 98304, 163840, 229376

Allocating group tables: done                            
Writing inode tables: done                            
Creating journal (4096 blocks): done
Writing superblocks and filesystem accounting information: done

[root@lvm boot]# mount /dev/vg_var/lv_var /mnt
[root@lvm boot]# cp -aR /var/* /mnt/
[root@lvm boot]# mkdir /tmp/oldvar && mv /var/* /tmp/oldvar
[root@lvm boot]# umount /mnt
[root@lvm boot]# mount /dev/vg_var/lv_var /var
[root@lvm boot]# echo "`blkid | grep var: | awk '{print $2}'` /var ext4 defaults 0 0" >> /etc/fstab
[root@lvm boot]# exit
exit
[root@lvm ~]# reboot
Connection to 127.0.0.1 closed by remote host.
user@user-VirtualBox:~/Desktop/LVM$ vagrant ssh
^Cuser@user-VirtualBox:~/Desktop/LVM$ ^C
user@user-VirtualBox:~/Desktop/LVM$ vagrant ssh
Last login: Thu Oct 17 16:36:08 2024 from 10.0.2.2
[vagrant@lvm ~]$ sudo -i
[root@lvm ~]# lvremove /dev/vg_root/lv_root
Do you really want to remove active logical volume vg_root/lv_root? [y/n]: y
  Logical volume "lv_root" successfully removed
[root@lvm ~]# vgremove /dev/vg_root
  Volume group "vg_root" successfully removed
[root@lvm ~]# pvremove /dev/sdb
  Labels on physical volume "/dev/sdb" successfully wiped.
[root@lvm ~]# lvcreate -n LogVol_Home -L 2G /dev/VolGroup00
  Logical volume "LogVol_Home" created.
[root@lvm ~]# mkfs.xfs /dev/VolGroup00/LogVol_Home
meta-data=/dev/VolGroup00/LogVol_Home isize=512    agcount=4, agsize=131072 blks
         =                       sectsz=512   attr=2, projid32bit=1
         =                       crc=1        finobt=0, sparse=0
data     =                       bsize=4096   blocks=524288, imaxpct=25
         =                       sunit=0      swidth=0 blks
naming   =version 2              bsize=4096   ascii-ci=0 ftype=1
log      =internal log           bsize=4096   blocks=2560, version=2
         =                       sectsz=512   sunit=0 blks, lazy-count=1
realtime =none                   extsz=4096   blocks=0, rtextents=0
[root@lvm ~]# mount /dev/VolGroup00/LogVol_Home /mnt/
[root@lvm ~]# cp -aR /home/* /mnt/
[root@lvm ~]# rm -rf /home/*
[root@lvm ~]# umount /mnt
[root@lvm ~]# mount /dev/VolGroup00/LogVol_Home /home/
[root@lvm ~]# echo "`blkid | grep Home | awk '{print $2}'` /home xfs defaults 0 0" >> /etc/fstab
[root@lvm ~]# reboot
^C
[root@lvm ~]# exit
logout
[vagrant@lvm ~]$ sudo reboot
^C
[vagrant@lvm ~]$ ^C
[vagrant@lvm ~]$ exit
logout
user@user-VirtualBox:~/Desktop/LVM$ vagrant ssh
Last login: Thu Oct 17 16:58:30 2024 from 10.0.2.2
[vagrant@lvm ~]$ sudo -i
[root@lvm ~]# touch /home/file{1..20}
[root@lvm ~]# lvcreate -L 100MB -s -n home_snap dev/VolGroup00/LogVol_Home
  "dev/VolGroup00/LogVol_Home": Invalid path for Logical Volume.
  Run `lvcreate --help' for more information.
[root@lvm ~]# lvcreate -L 100MB -s -n home_snap /dev/VolGroup00/LogVol_Home
  Rounding up size to full physical extent 128.00 MiB
  Logical volume "home_snap" created.
[root@lvm ~]# rm -f /home/file{11..20}
[root@lvm ~]# ls -l /home
total 0
-rw-r--r--. 1 root    root     0 Oct 17 17:09 file1
-rw-r--r--. 1 root    root     0 Oct 17 17:09 file10
-rw-r--r--. 1 root    root     0 Oct 17 17:09 file2
-rw-r--r--. 1 root    root     0 Oct 17 17:09 file3
-rw-r--r--. 1 root    root     0 Oct 17 17:09 file4
-rw-r--r--. 1 root    root     0 Oct 17 17:09 file5
-rw-r--r--. 1 root    root     0 Oct 17 17:09 file6
-rw-r--r--. 1 root    root     0 Oct 17 17:09 file7
-rw-r--r--. 1 root    root     0 Oct 17 17:09 file8
-rw-r--r--. 1 root    root     0 Oct 17 17:09 file9
drwx------. 3 vagrant vagrant 95 Oct 17 17:03 vagrant
[root@lvm ~]# umount /home
umount: /home: target is busy.
        (In some cases useful info about processes that use
         the device is found by lsof(8) or fuser(1))
[root@lvm ~]# exit
logout
[vagrant@lvm ~]$ cd /tmp
[vagrant@lvm tmp]$ sudo -i
[root@lvm ~]# touch /home/file{1..20}
[root@lvm ~]# lvcreate -L 100MB -s -n home_snap dev/VolGroup00/LogVol_Home
  "dev/VolGroup00/LogVol_Home": Invalid path for Logical Volume.
  Run `lvcreate --help' for more information.
[root@lvm ~]# lvcreate -L 100MB -s -n home_snap /dev/VolGroup00/LogVol_Home
  Rounding up size to full physical extent 128.00 MiB
  Logical Volume "home_snap" already exists in volume group "VolGroup00"
[root@lvm ~]# lvcreate -L 100MB -s -n home_snap /dev/VolGroup00/LogVol_Home1
  Snapshot origin LV LogVol_Home1 not found in Volume group VolGroup00.
[root@lvm ~]# lvcreate -L 100MB -s -n home_snap1 /dev/VolGroup00/LogVol_Home
  Rounding up size to full physical extent 128.00 MiB
  Logical volume "home_snap1" created.
[root@lvm ~]# rm -f /home/file{11..20}
[root@lvm ~]# ls -l /home
total 0
-rw-r--r--. 1 root    root     0 Oct 17 17:12 file1
-rw-r--r--. 1 root    root     0 Oct 17 17:12 file10
-rw-r--r--. 1 root    root     0 Oct 17 17:12 file2
-rw-r--r--. 1 root    root     0 Oct 17 17:12 file3
-rw-r--r--. 1 root    root     0 Oct 17 17:12 file4
-rw-r--r--. 1 root    root     0 Oct 17 17:12 file5
-rw-r--r--. 1 root    root     0 Oct 17 17:12 file6
-rw-r--r--. 1 root    root     0 Oct 17 17:12 file7
-rw-r--r--. 1 root    root     0 Oct 17 17:12 file8
-rw-r--r--. 1 root    root     0 Oct 17 17:12 file9
drwx------. 3 vagrant vagrant 95 Oct 17 17:03 vagrant
[root@lvm ~]# umount /home
[root@lvm ~]# lvconvert --merge /dev/VolGroup00/home_snap1
  Merging of volume VolGroup00/home_snap1 started.
  VolGroup00/LogVol_Home: Merged: 100.00%
[root@lvm ~]# mount /home
[root@lvm ~]# ls -al /home
total 0
drwxr-xr-x.  3 root    root    292 Oct 17 17:12 .
drwxr-xr-x. 18 root    root    239 Oct 17 16:46 ..
-rw-r--r--.  1 root    root      0 Oct 17 17:12 file1
-rw-r--r--.  1 root    root      0 Oct 17 17:12 file10
-rw-r--r--.  1 root    root      0 Oct 17 17:12 file11
-rw-r--r--.  1 root    root      0 Oct 17 17:12 file12
-rw-r--r--.  1 root    root      0 Oct 17 17:12 file13
-rw-r--r--.  1 root    root      0 Oct 17 17:12 file14
-rw-r--r--.  1 root    root      0 Oct 17 17:12 file15
-rw-r--r--.  1 root    root      0 Oct 17 17:12 file16
-rw-r--r--.  1 root    root      0 Oct 17 17:12 file17
-rw-r--r--.  1 root    root      0 Oct 17 17:12 file18
-rw-r--r--.  1 root    root      0 Oct 17 17:12 file19
-rw-r--r--.  1 root    root      0 Oct 17 17:12 file2
-rw-r--r--.  1 root    root      0 Oct 17 17:12 file20
-rw-r--r--.  1 root    root      0 Oct 17 17:12 file3
-rw-r--r--.  1 root    root      0 Oct 17 17:12 file4
-rw-r--r--.  1 root    root      0 Oct 17 17:12 file5
-rw-r--r--.  1 root    root      0 Oct 17 17:12 file6
-rw-r--r--.  1 root    root      0 Oct 17 17:12 file7
-rw-r--r--.  1 root    root      0 Oct 17 17:12 file8
-rw-r--r--.  1 root    root      0 Oct 17 17:12 file9
drwx------.  3 vagrant vagrant  95 Oct 17 17:03 vagrant
[root@lvm ~]# 

